******************************************************************************
                  TI ARM Linker PC v20.2.0                     
******************************************************************************
>> Linked Mon Apr  7 11:41:26 2025

OUTPUT FILE NAME:   <lab2.out>
ENTRY POINT SYMBOL: "_c_int00_noargs"  address: 00000fd5


MEMORY CONFIGURATION

         name            origin    length      used     unused   attr    fill
----------------------  --------  ---------  --------  --------  ----  --------
  FLASH                 00000000   00040000  00001264  0003ed9c  R  X
  SRAM                  20000000   00008000  00000205  00007dfb  RW X


SEGMENT ALLOCATION MAP

run origin  load origin   length   init length attrs members
----------  ----------- ---------- ----------- ----- -------
00000000    00000000    00001268   00001268    r-x
  00000000    00000000    0000026c   0000026c    r-- .intvecs
  0000026c    0000026c    00000eb4   00000eb4    r-x .text
  00001120    00001120    0000012c   0000012c    r-- .const
  00001250    00001250    00000018   00000018    r-- .cinit
20000000    20000000    00000205   00000000    rw-
  20000000    20000000    00000200   00000000    rw- .stack
  20000200    20000200    00000005   00000000    rw- .data


SECTION ALLOCATION MAP

 output                                  attributes/
section   page    origin      length       input sections
--------  ----  ----------  ----------   ----------------
.intvecs   0    00000000    0000026c     
                  00000000    0000026c     tm4c123gh6pm_startup_ccs.obj (.intvecs)

.text      0    0000026c    00000eb4     
                  0000026c    0000049c     uartstdio.obj (.text)
                  00000708    00000310     main.obj (.text)
                  00000a18    00000130     driverlib.lib : gpio.obj (.text:GPIOPadConfigSet)
                  00000b48    00000104                   : sysctl.obj (.text:SysCtlClockSet)
                  00000c4c    000000c8                   : sysctl.obj (.text:SysCtlClockGet)
                  00000d14    0000009c     rtsv7M4_T_le_v4SPD16_eabi.lib : memcpy_t2.asm.obj (.text)
                  00000db0    00000068                                   : copy_decompress_lzss.c.obj (.text:decompress:lzss:__TI_decompress_lzss)
                  00000e18    00000048     driverlib.lib : gpio.obj (.text:GPIOPinConfigure)
                  00000e60    00000048                   : i2c.obj (.text:I2CMasterInitExpClk)
                  00000ea8    00000044     rtsv7M4_T_le_v4SPD16_eabi.lib : autoinit.c.obj (.text:__TI_auto_init_nobinit_nopinit:__TI_auto_init_nobinit_nopinit)
                  00000eec    00000040     driverlib.lib : uart.obj (.text:UARTConfigSetExpClk)
                  00000f2c    00000040     rtsv7M4_T_le_v4SPD16_eabi.lib : u_divt2.asm.obj (.text)
                  00000f6c    00000034     driverlib.lib : sysctl.obj (.text:SysCtlPeripheralEnable)
                  00000fa0    00000034                   : sysctl.obj (.text:SysCtlPeripheralPresent)
                  00000fd4    00000034     rtsv7M4_T_le_v4SPD16_eabi.lib : boot_cortex_m.c.obj (.text:_c_int00_noargs:_c_int00_noargs)
                  00001008    0000002a     driverlib.lib : gpio.obj (.text:GPIODirModeSet)
                  00001032    00000002     rtsv7M4_T_le_v4SPD16_eabi.lib : div0.asm.obj (.text)
                  00001034    0000001c     driverlib.lib : uart.obj (.text:UARTDisable)
                  00001050    00000014                   : uart.obj (.text:UARTEnable)
                  00001064    00000012                   : gpio.obj (.text:GPIOPinTypeI2C)
                  00001076    00000012                   : gpio.obj (.text:GPIOPinTypeUART)
                  00001088    00000010                   : i2c.obj (.text:I2CSlaveEnable)
                  00001098    0000000e                   : i2c.obj (.text:I2CSlaveInit)
                  000010a6    0000000e     rtsv7M4_T_le_v4SPD16_eabi.lib : copy_decompress_none.c.obj (.text:decompress:none:__TI_decompress_none)
                  000010b4    0000000c     tm4c123gh6pm_startup_ccs.obj (.text)
                  000010c0    0000000a     driverlib.lib : i2c.obj (.text:I2CMasterEnable)
                  000010ca    0000000a                   : uart.obj (.text:UARTCharGet)
                  000010d4    0000000a                   : uart.obj (.text:UARTCharPut)
                  000010de    00000008                   : i2c.obj (.text:I2CMasterBusy)
                  000010e6    00000008                   : i2c.obj (.text:I2CMasterSlaveAddrSet)
                  000010ee    00000006                   : i2c.obj (.text:I2CSlaveDataGet)
                  000010f4    00000006                   : i2c.obj (.text:I2CSlaveDataPut)
                  000010fa    00000006                   : i2c.obj (.text:I2CSlaveStatus)
                  00001100    00000006                   : sysctl.obj (.text:SysCtlDelay)
                  00001106    00000006                   : uart.obj (.text:UARTClockSourceSet)
                  0000110c    00000004                   : i2c.obj (.text:I2CMasterControl)
                  00001110    00000004                   : i2c.obj (.text:I2CMasterDataGet)
                  00001114    00000004                   : i2c.obj (.text:I2CMasterDataPut)
                  00001118    00000004     rtsv7M4_T_le_v4SPD16_eabi.lib : pre_init.c.obj (.text:_system_pre_init)
                  0000111c    00000004                                   : exit.c.obj (.text:abort:abort)

.const     0    00001120    0000012c     
                  00001120    00000090     driverlib.lib : gpio.obj (.const:g_pui32GPIOBaseAddrs)
                  000011b0    0000006c                   : sysctl.obj (.const:g_pui32Xtals)
                  0000121c    00000012     uartstdio.obj (.const:.string)
                  0000122e    00000002     --HOLE-- [fill = 0]
                  00001230    0000000c     uartstdio.obj (.const:g_ui32UARTBase)
                  0000123c    0000000c     uartstdio.obj (.const:g_ui32UARTPeriph)
                  00001248    00000004     uartstdio.obj (.const)

.cinit     0    00001250    00000018     
                  00001250    00000008     (__TI_handler_table)
                  00001258    00000007     (.cinit..data.load) [load image, compression = lzss]
                  0000125f    00000001     --HOLE-- [fill = 0]
                  00001260    00000008     (__TI_cinit_table)

.init_array 
*          0    00000000    00000000     UNINITIALIZED

.data      0    20000200    00000005     UNINITIALIZED
                  20000200    00000005     uartstdio.obj (.data)

.stack     0    20000000    00000200     UNINITIALIZED
                  20000000    00000004     rtsv7M4_T_le_v4SPD16_eabi.lib : boot_cortex_m.c.obj (.stack)
                  20000004    000001fc     --HOLE--

__llvm_prf_cnts 
*          0    20000000    00000000     UNINITIALIZED

MODULE SUMMARY

       Module                         code   ro data   rw data
       ------                         ----   -------   -------
    .\
       uartstdio.obj                  1180   46        5      
       main.obj                       784    0         0      
       tm4c123gh6pm_startup_ccs.obj   12     620       0      
    +--+------------------------------+------+---------+---------+
       Total:                         1976   666       5      
                                                              
    C:/ti/TivaWare_C_Series-2.0.1.11577/driverlib/ccs/Debug/driverlib.lib
       sysctl.obj                     570    108       0      
       gpio.obj                       454    144       0      
       i2c.obj                        158    0         0      
       uart.obj                       138    0         0      
    +--+------------------------------+------+---------+---------+
       Total:                         1320   252       0      
                                                              
    C:\ti\ccs1000\ccs\tools\compiler\ti-cgt-arm_20.2.0.LTS\lib\rtsv7M4_T_le_v4SPD16_eabi.lib
       memcpy_t2.asm.obj              156    0         0      
       copy_decompress_lzss.c.obj     104    0         0      
       autoinit.c.obj                 68     0         0      
       u_divt2.asm.obj                64     0         0      
       boot_cortex_m.c.obj            52     0         0      
       copy_decompress_none.c.obj     14     0         0      
       exit.c.obj                     4      0         0      
       pre_init.c.obj                 4      0         0      
       div0.asm.obj                   2      0         0      
    +--+------------------------------+------+---------+---------+
       Total:                         468    0         0      
                                                              
       Stack:                         0      0         512    
       Linker Generated:              0      23        0      
    +--+------------------------------+------+---------+---------+
       Grand Total:                   3764   941       517    


LINKER GENERATED COPY TABLES

__TI_cinit_table @ 00001260 records: 1, size/record: 8, table size: 8
	.data: load addr=00001258, load size=00000007 bytes, run addr=20000200, run size=00000005 bytes, compression=lzss


LINKER GENERATED HANDLER TABLE

__TI_handler_table @ 00001250 records: 2, size/record: 4, table size: 8
	index: 0, handler: __TI_decompress_lzss
	index: 1, handler: __TI_decompress_none


GLOBAL SYMBOLS: SORTED ALPHABETICALLY BY Name 

address   name                          
-------   ----                          
0000111d  C$$EXIT                       
00001009  GPIODirModeSet                
00000a19  GPIOPadConfigSet              
00000e19  GPIOPinConfigure              
00001065  GPIOPinTypeI2C                
00001077  GPIOPinTypeUART               
000010df  I2CMasterBusy                 
0000110d  I2CMasterControl              
00001111  I2CMasterDataGet              
00001115  I2CMasterDataPut              
000010c1  I2CMasterEnable               
00000e61  I2CMasterInitExpClk           
000010e7  I2CMasterSlaveAddrSet         
000010ef  I2CSlaveDataGet               
000010f5  I2CSlaveDataPut               
00001089  I2CSlaveEnable                
00001099  I2CSlaveInit                  
000010fb  I2CSlaveStatus                
00000709  InitConsole                   
000010b5  ResetISR                      
00000c4d  SysCtlClockGet                
00000b49  SysCtlClockSet                
00001101  SysCtlDelay                   
00000f6d  SysCtlPeripheralEnable        
00000fa1  SysCtlPeripheralPresent       
000010cb  UARTCharGet                   
000010d5  UARTCharPut                   
00001107  UARTClockSourceSet            
00000eed  UARTConfigSetExpClk           
00001035  UARTDisable                   
00001051  UARTEnable                    
0000026d  UARTStdioConfig               
000003b3  UARTgetc                      
000002f9  UARTgets                      
000006d3  UARTprintf                    
000003d9  UARTvprintf                   
000002b3  UARTwrite                     
20000200  __STACK_END                   
00000200  __STACK_SIZE                  
20000200  __STACK_TOP                   
00001260  __TI_CINIT_Base               
00001268  __TI_CINIT_Limit              
00001250  __TI_Handler_Table_Base       
00001258  __TI_Handler_Table_Limit      
00000ea9  __TI_auto_init_nobinit_nopinit
00000db1  __TI_decompress_lzss          
000010a7  __TI_decompress_none          
ffffffff  __TI_pprof_out_hndl           
ffffffff  __TI_prof_data_size           
ffffffff  __TI_prof_data_start          
00000000  __TI_static_base__            
00001033  __aeabi_idiv0                 
00001033  __aeabi_ldiv0                 
00000d15  __aeabi_memcpy                
00000d15  __aeabi_memcpy4               
00000d15  __aeabi_memcpy8               
00000f2d  __aeabi_uidiv                 
00000f2d  __aeabi_uidivmod              
ffffffff  __binit__                     
ffffffff  __c_args__                    
UNDEFED   __mpu_init                    
20000000  __stack                       
20000000  __start___llvm_prf_cnts       
20000000  __stop___llvm_prf_cnts        
00000fd5  _c_int00_noargs               
UNDEFED   _system_post_cinit            
00001119  _system_pre_init              
0000111d  abort                         
ffffffff  binit                         
00000000  g_pfnVectors                  
00000745  main                          
00000d15  memcpy                        


GLOBAL SYMBOLS: SORTED BY Symbol Address 

address   name                          
-------   ----                          
00000000  __TI_static_base__            
00000000  g_pfnVectors                  
00000200  __STACK_SIZE                  
0000026d  UARTStdioConfig               
000002b3  UARTwrite                     
000002f9  UARTgets                      
000003b3  UARTgetc                      
000003d9  UARTvprintf                   
000006d3  UARTprintf                    
00000709  InitConsole                   
00000745  main                          
00000a19  GPIOPadConfigSet              
00000b49  SysCtlClockSet                
00000c4d  SysCtlClockGet                
00000d15  __aeabi_memcpy                
00000d15  __aeabi_memcpy4               
00000d15  __aeabi_memcpy8               
00000d15  memcpy                        
00000db1  __TI_decompress_lzss          
00000e19  GPIOPinConfigure              
00000e61  I2CMasterInitExpClk           
00000ea9  __TI_auto_init_nobinit_nopinit
00000eed  UARTConfigSetExpClk           
00000f2d  __aeabi_uidiv                 
00000f2d  __aeabi_uidivmod              
00000f6d  SysCtlPeripheralEnable        
00000fa1  SysCtlPeripheralPresent       
00000fd5  _c_int00_noargs               
00001009  GPIODirModeSet                
00001033  __aeabi_idiv0                 
00001033  __aeabi_ldiv0                 
00001035  UARTDisable                   
00001051  UARTEnable                    
00001065  GPIOPinTypeI2C                
00001077  GPIOPinTypeUART               
00001089  I2CSlaveEnable                
00001099  I2CSlaveInit                  
000010a7  __TI_decompress_none          
000010b5  ResetISR                      
000010c1  I2CMasterEnable               
000010cb  UARTCharGet                   
000010d5  UARTCharPut                   
000010df  I2CMasterBusy                 
000010e7  I2CMasterSlaveAddrSet         
000010ef  I2CSlaveDataGet               
000010f5  I2CSlaveDataPut               
000010fb  I2CSlaveStatus                
00001101  SysCtlDelay                   
00001107  UARTClockSourceSet            
0000110d  I2CMasterControl              
00001111  I2CMasterDataGet              
00001115  I2CMasterDataPut              
00001119  _system_pre_init              
0000111d  C$$EXIT                       
0000111d  abort                         
00001250  __TI_Handler_Table_Base       
00001258  __TI_Handler_Table_Limit      
00001260  __TI_CINIT_Base               
00001268  __TI_CINIT_Limit              
20000000  __stack                       
20000000  __start___llvm_prf_cnts       
20000000  __stop___llvm_prf_cnts        
20000200  __STACK_END                   
20000200  __STACK_TOP                   
ffffffff  __TI_pprof_out_hndl           
ffffffff  __TI_prof_data_size           
ffffffff  __TI_prof_data_start          
ffffffff  __binit__                     
ffffffff  __c_args__                    
ffffffff  binit                         
UNDEFED   __mpu_init                    
UNDEFED   _system_post_cinit            

[72 symbols]
